// WARNING: This file is machine generated by fidlgen.

#include <test/driveroneway/cpp/libfuzzer_decode_encode.h>

static_assert(::fuzzing::test_driveroneway_decoder_encoders.size() == 2);
