// WARNING: This file is machine generated by fidlgen.

#pragma once

#include <test/driverhandle/cpp/fidl.h>
