// WARNING: This file is machine generated by fidlgen.

#pragma once

#include <test/drivertwoway/cpp/fidl.h>
