{
  "version": "0.0.1",
  "name": "test.foreigntypeinresponseusedthroughcompose",
  "library_dependencies": [
    {
      "name": "test.bottom",
      "declarations": {
        "test.bottom/Foo": {
          "kind": "struct",
          "resource": false
        }
      }
    },
    {
      "name": "test.middle",
      "declarations": {
        "test.middle/Middle": {
          "kind": "interface"
        },
        "test.middle/MiddleGetFooTopResponse": {
          "kind": "struct",
          "resource": false
        }
      }
    }
  ],
  "bits_declarations": [],
  "const_declarations": [],
  "enum_declarations": [],
  "experimental_resource_declarations": [],
  "interface_declarations": [
    {
      "name": "test.foreigntypeinresponseusedthroughcompose/Top",
      "location": {
        "filename": "../../tools/fidl/fidlc/testdata/foreign_type_in_response_used_through_compose/top.test.fidl",
        "line": 8,
        "column": 10,
        "length": 3
      },
      "maybe_attributes": [
        {
          "name": "bindings_denylist",
          "arguments": [
            {
              "name": "value",
              "type": "string",
              "value": {
                "kind": "literal",
                "value": "cpp",
                "expression": "\"cpp\"",
                "literal": {
                  "kind": "string",
                  "value": "cpp",
                  "expression": "\"cpp\""
                }
              },
              "location": {
                "filename": "../../tools/fidl/fidlc/testdata/foreign_type_in_response_used_through_compose/top.test.fidl",
                "line": 7,
                "column": 20,
                "length": 5
              }
            }
          ],
          "location": {
            "filename": "../../tools/fidl/fidlc/testdata/foreign_type_in_response_used_through_compose/top.test.fidl",
            "line": 7,
            "column": 1,
            "length": 25
          }
        }
      ],
      "composed_protocols": [
        {
          "name": "test.middle/Middle",
          "location": {
            "filename": "../../tools/fidl/fidlc/testdata/foreign_type_in_response_used_through_compose/top.test.fidl",
            "line": 9,
            "column": 25,
            "length": 6
          }
        }
      ],
      "methods": [
        {
          "ordinal": 4619180266423108403,
          "name": "GetFoo",
          "location": {
            "filename": "../../tools/fidl/fidlc/testdata/foreign_type_in_response_used_through_compose/middle.test.fidl",
            "line": 6,
            "column": 5,
            "length": 6
          },
          "has_request": true,
          "has_response": true,
          "maybe_response_payload": {
            "kind": "identifier",
            "identifier": "test.middle/MiddleGetFooTopResponse",
            "nullable": false,
            "type_shape_v1": {
              "inline_size": 4,
              "alignment": 4,
              "depth": 0,
              "max_handles": 0,
              "max_out_of_line": 0,
              "has_padding": false,
              "has_flexible_envelope": false
            },
            "type_shape_v2": {
              "inline_size": 4,
              "alignment": 4,
              "depth": 0,
              "max_handles": 0,
              "max_out_of_line": 0,
              "has_padding": false,
              "has_flexible_envelope": false
            }
          },
          "is_composed": true,
          "has_error": false
        }
      ]
    }
  ],
  "service_declarations": [],
  "struct_declarations": [],
  "external_struct_declarations": [
    {
      "name": "test.middle/MiddleGetFooTopResponse",
      "naming_context": [
        "Middle",
        "GetFoo",
        "Response"
      ],
      "location": {
        "filename": "../../tools/fidl/fidlc/testdata/foreign_type_in_response_used_through_compose/middle.test.fidl",
        "line": 6,
        "column": 18,
        "length": 43
      },
      "members": [
        {
          "type": {
            "kind": "identifier",
            "identifier": "test.bottom/Foo",
            "nullable": false,
            "type_shape_v1": {
              "inline_size": 4,
              "alignment": 4,
              "depth": 0,
              "max_handles": 0,
              "max_out_of_line": 0,
              "has_padding": false,
              "has_flexible_envelope": false
            },
            "type_shape_v2": {
              "inline_size": 4,
              "alignment": 4,
              "depth": 0,
              "max_handles": 0,
              "max_out_of_line": 0,
              "has_padding": false,
              "has_flexible_envelope": false
            }
          },
          "name": "foo",
          "location": {
            "filename": "../../tools/fidl/fidlc/testdata/foreign_type_in_response_used_through_compose/middle.test.fidl",
            "line": 7,
            "column": 9,
            "length": 3
          },
          "field_shape_v1": {
            "offset": 0,
            "padding": 0
          },
          "field_shape_v2": {
            "offset": 0,
            "padding": 0
          }
        }
      ],
      "resource": false,
      "type_shape_v1": {
        "inline_size": 4,
        "alignment": 4,
        "depth": 0,
        "max_handles": 0,
        "max_out_of_line": 0,
        "has_padding": false,
        "has_flexible_envelope": false
      },
      "type_shape_v2": {
        "inline_size": 4,
        "alignment": 4,
        "depth": 0,
        "max_handles": 0,
        "max_out_of_line": 0,
        "has_padding": false,
        "has_flexible_envelope": false
      }
    }
  ],
  "table_declarations": [],
  "union_declarations": [],
  "type_alias_declarations": [],
  "declaration_order": [
    "test.foreigntypeinresponseusedthroughcompose/Top"
  ],
  "declarations": {
    "test.foreigntypeinresponseusedthroughcompose/Top": "interface"
  }
}
