// WARNING: This file is machine generated by fidlc.

#include <lib/fidl/internal.h>


__LOCAL extern const struct FidlCodedBits zx_rightsTable;
__LOCAL extern const struct FidlCodedEnum zx_obj_typeTable;
__LOCAL extern const struct FidlCodedEnum test_handles_obj_typeTable;
__LOCAL extern const struct FidlCodedStruct test_handles_HandlesTable;


static const struct FidlCodedHandle Handlehandle2147483648nonnullableTable = {.tag=kFidlTypeHandle, .handle_subtype=ZX_OBJ_TYPE_NONE, .handle_rights=2147483648u, .nullable=kFidlNullability_Nonnullable};

static const struct FidlCodedHandle Handlebti2147483648nonnullableTable = {.tag=kFidlTypeHandle, .handle_subtype=ZX_OBJ_TYPE_BTI, .handle_rights=2147483648u, .nullable=kFidlNullability_Nonnullable};

static const struct FidlCodedHandle Handlechannel2147483648nonnullableTable = {.tag=kFidlTypeHandle, .handle_subtype=ZX_OBJ_TYPE_CHANNEL, .handle_rights=2147483648u, .nullable=kFidlNullability_Nonnullable};

static const struct FidlCodedHandle Handleclock2147483648nonnullableTable = {.tag=kFidlTypeHandle, .handle_subtype=ZX_OBJ_TYPE_CLOCK, .handle_rights=2147483648u, .nullable=kFidlNullability_Nonnullable};

static const struct FidlCodedHandle Handledebuglog2147483648nonnullableTable = {.tag=kFidlTypeHandle, .handle_subtype=ZX_OBJ_TYPE_LOG, .handle_rights=2147483648u, .nullable=kFidlNullability_Nonnullable};

static const struct FidlCodedHandle Handleevent2147483648nonnullableTable = {.tag=kFidlTypeHandle, .handle_subtype=ZX_OBJ_TYPE_EVENT, .handle_rights=2147483648u, .nullable=kFidlNullability_Nonnullable};

static const struct FidlCodedHandle Handleeventpair2147483648nonnullableTable = {.tag=kFidlTypeHandle, .handle_subtype=ZX_OBJ_TYPE_EVENTPAIR, .handle_rights=2147483648u, .nullable=kFidlNullability_Nonnullable};

static const struct FidlCodedHandle Handleexception2147483648nonnullableTable = {.tag=kFidlTypeHandle, .handle_subtype=ZX_OBJ_TYPE_EXCEPTION, .handle_rights=2147483648u, .nullable=kFidlNullability_Nonnullable};

static const struct FidlCodedHandle Handlefifo2147483648nonnullableTable = {.tag=kFidlTypeHandle, .handle_subtype=ZX_OBJ_TYPE_FIFO, .handle_rights=2147483648u, .nullable=kFidlNullability_Nonnullable};

static const struct FidlCodedHandle Handleguest2147483648nonnullableTable = {.tag=kFidlTypeHandle, .handle_subtype=ZX_OBJ_TYPE_GUEST, .handle_rights=2147483648u, .nullable=kFidlNullability_Nonnullable};

static const struct FidlCodedHandle Handleinterrupt2147483648nonnullableTable = {.tag=kFidlTypeHandle, .handle_subtype=ZX_OBJ_TYPE_INTERRUPT, .handle_rights=2147483648u, .nullable=kFidlNullability_Nonnullable};

static const struct FidlCodedHandle Handleiommu2147483648nonnullableTable = {.tag=kFidlTypeHandle, .handle_subtype=ZX_OBJ_TYPE_IOMMU, .handle_rights=2147483648u, .nullable=kFidlNullability_Nonnullable};

static const struct FidlCodedHandle Handlejob2147483648nonnullableTable = {.tag=kFidlTypeHandle, .handle_subtype=ZX_OBJ_TYPE_JOB, .handle_rights=2147483648u, .nullable=kFidlNullability_Nonnullable};

static const struct FidlCodedHandle Handlepager2147483648nonnullableTable = {.tag=kFidlTypeHandle, .handle_subtype=ZX_OBJ_TYPE_PAGER, .handle_rights=2147483648u, .nullable=kFidlNullability_Nonnullable};

static const struct FidlCodedHandle Handlepmt2147483648nonnullableTable = {.tag=kFidlTypeHandle, .handle_subtype=ZX_OBJ_TYPE_PMT, .handle_rights=2147483648u, .nullable=kFidlNullability_Nonnullable};

static const struct FidlCodedHandle Handleport2147483648nonnullableTable = {.tag=kFidlTypeHandle, .handle_subtype=ZX_OBJ_TYPE_PORT, .handle_rights=2147483648u, .nullable=kFidlNullability_Nonnullable};

static const struct FidlCodedHandle Handleprocess2147483648nonnullableTable = {.tag=kFidlTypeHandle, .handle_subtype=ZX_OBJ_TYPE_PROCESS, .handle_rights=2147483648u, .nullable=kFidlNullability_Nonnullable};

static const struct FidlCodedHandle Handleprofile2147483648nonnullableTable = {.tag=kFidlTypeHandle, .handle_subtype=ZX_OBJ_TYPE_PROFILE, .handle_rights=2147483648u, .nullable=kFidlNullability_Nonnullable};

static const struct FidlCodedHandle Handleresource2147483648nonnullableTable = {.tag=kFidlTypeHandle, .handle_subtype=ZX_OBJ_TYPE_RESOURCE, .handle_rights=2147483648u, .nullable=kFidlNullability_Nonnullable};

static const struct FidlCodedHandle Handlesocket2147483648nonnullableTable = {.tag=kFidlTypeHandle, .handle_subtype=ZX_OBJ_TYPE_SOCKET, .handle_rights=2147483648u, .nullable=kFidlNullability_Nonnullable};

static const struct FidlCodedHandle Handlesuspendtoken2147483648nonnullableTable = {.tag=kFidlTypeHandle, .handle_subtype=ZX_OBJ_TYPE_SUSPEND_TOKEN, .handle_rights=2147483648u, .nullable=kFidlNullability_Nonnullable};

static const struct FidlCodedHandle Handlethread2147483648nonnullableTable = {.tag=kFidlTypeHandle, .handle_subtype=ZX_OBJ_TYPE_THREAD, .handle_rights=2147483648u, .nullable=kFidlNullability_Nonnullable};

static const struct FidlCodedHandle Handletimer2147483648nonnullableTable = {.tag=kFidlTypeHandle, .handle_subtype=ZX_OBJ_TYPE_TIMER, .handle_rights=2147483648u, .nullable=kFidlNullability_Nonnullable};

static const struct FidlCodedHandle Handlevcpu2147483648nonnullableTable = {.tag=kFidlTypeHandle, .handle_subtype=ZX_OBJ_TYPE_VCPU, .handle_rights=2147483648u, .nullable=kFidlNullability_Nonnullable};

static const struct FidlCodedHandle Handlevmar2147483648nonnullableTable = {.tag=kFidlTypeHandle, .handle_subtype=ZX_OBJ_TYPE_VMAR, .handle_rights=2147483648u, .nullable=kFidlNullability_Nonnullable};

static const struct FidlCodedHandle Handlevmo2147483648nonnullableTable = {.tag=kFidlTypeHandle, .handle_subtype=ZX_OBJ_TYPE_VMO, .handle_rights=2147483648u, .nullable=kFidlNullability_Nonnullable};

static const struct FidlCodedHandle Handlevmo5nonnullableTable = {.tag=kFidlTypeHandle, .handle_subtype=ZX_OBJ_TYPE_VMO, .handle_rights=5u, .nullable=kFidlNullability_Nonnullable};

static const struct FidlCodedHandle Handlevmo1nonnullableTable = {.tag=kFidlTypeHandle, .handle_subtype=ZX_OBJ_TYPE_VMO, .handle_rights=1u, .nullable=kFidlNullability_Nonnullable};

static const struct FidlCodedHandle Protocol25test_handles_SomeProtocolnonnullableTable = {.tag=kFidlTypeHandle, .handle_subtype=ZX_OBJ_TYPE_CHANNEL, .handle_rights=ZX_DEFAULT_CHANNEL_RIGHTS, .nullable=kFidlNullability_Nonnullable};

static const struct FidlCodedHandle Request25test_handles_SomeProtocolnonnullableTable = {.tag=kFidlTypeHandle, .handle_subtype=ZX_OBJ_TYPE_CHANNEL, .handle_rights=ZX_DEFAULT_CHANNEL_RIGHTS, .nullable=kFidlNullability_Nonnullable};


static bool EnumValidatorFor_test_handles_obj_type(uint64_t v) {
  switch (v) {
    case 0ul:
    case 1ul:
    case 2ul:
    case 3ul:
    case 4ul:
    case 5ul:
    case 6ul:
    case 9ul:
    case 12ul:
    case 14ul:
    case 15ul:
    case 16ul:
    case 17ul:
    case 18ul:
    case 19ul:
    case 20ul:
    case 21ul:
    case 22ul:
    case 23ul:
    case 24ul:
    case 25ul:
    case 26ul:
    case 27ul:
    case 28ul:
    case 29ul:
    case 30ul:
    case 31ul:
    case 32ul:
      return true;
    default:
      return false;
  }
}

const struct FidlCodedEnum test_handles_obj_typeTable = {.tag=kFidlTypeEnum, .underlying_type=kFidlCodedPrimitiveSubtype_Uint32, .strictness=kFidlStrictness_Strict, .validate=&EnumValidatorFor_test_handles_obj_type, .name="test.handles/obj_type"};

static const struct FidlStructElement Fields20test_handles_Handles[] = {
    /*FidlStructPadding*/{.field=/*FidlStructField*/{.header=/*FidlStructElementHeader*/{.element_type=kFidlStructElementType_Field, .is_resource=kFidlIsResource_Resource},.offset_v1=0u, .offset_v2=0u, .field_type=(fidl_type_t*)(&Handlehandle2147483648nonnullableTable)}},
    /*FidlStructPadding*/{.field=/*FidlStructField*/{.header=/*FidlStructElementHeader*/{.element_type=kFidlStructElementType_Field, .is_resource=kFidlIsResource_Resource},.offset_v1=4u, .offset_v2=4u, .field_type=(fidl_type_t*)(&Handlebti2147483648nonnullableTable)}},
    /*FidlStructPadding*/{.field=/*FidlStructField*/{.header=/*FidlStructElementHeader*/{.element_type=kFidlStructElementType_Field, .is_resource=kFidlIsResource_Resource},.offset_v1=8u, .offset_v2=8u, .field_type=(fidl_type_t*)(&Handlechannel2147483648nonnullableTable)}},
    /*FidlStructPadding*/{.field=/*FidlStructField*/{.header=/*FidlStructElementHeader*/{.element_type=kFidlStructElementType_Field, .is_resource=kFidlIsResource_Resource},.offset_v1=12u, .offset_v2=12u, .field_type=(fidl_type_t*)(&Handleclock2147483648nonnullableTable)}},
    /*FidlStructPadding*/{.field=/*FidlStructField*/{.header=/*FidlStructElementHeader*/{.element_type=kFidlStructElementType_Field, .is_resource=kFidlIsResource_Resource},.offset_v1=16u, .offset_v2=16u, .field_type=(fidl_type_t*)(&Handledebuglog2147483648nonnullableTable)}},
    /*FidlStructPadding*/{.field=/*FidlStructField*/{.header=/*FidlStructElementHeader*/{.element_type=kFidlStructElementType_Field, .is_resource=kFidlIsResource_Resource},.offset_v1=20u, .offset_v2=20u, .field_type=(fidl_type_t*)(&Handleevent2147483648nonnullableTable)}},
    /*FidlStructPadding*/{.field=/*FidlStructField*/{.header=/*FidlStructElementHeader*/{.element_type=kFidlStructElementType_Field, .is_resource=kFidlIsResource_Resource},.offset_v1=24u, .offset_v2=24u, .field_type=(fidl_type_t*)(&Handleeventpair2147483648nonnullableTable)}},
    /*FidlStructPadding*/{.field=/*FidlStructField*/{.header=/*FidlStructElementHeader*/{.element_type=kFidlStructElementType_Field, .is_resource=kFidlIsResource_Resource},.offset_v1=28u, .offset_v2=28u, .field_type=(fidl_type_t*)(&Handleexception2147483648nonnullableTable)}},
    /*FidlStructPadding*/{.field=/*FidlStructField*/{.header=/*FidlStructElementHeader*/{.element_type=kFidlStructElementType_Field, .is_resource=kFidlIsResource_Resource},.offset_v1=32u, .offset_v2=32u, .field_type=(fidl_type_t*)(&Handlefifo2147483648nonnullableTable)}},
    /*FidlStructPadding*/{.field=/*FidlStructField*/{.header=/*FidlStructElementHeader*/{.element_type=kFidlStructElementType_Field, .is_resource=kFidlIsResource_Resource},.offset_v1=36u, .offset_v2=36u, .field_type=(fidl_type_t*)(&Handleguest2147483648nonnullableTable)}},
    /*FidlStructPadding*/{.field=/*FidlStructField*/{.header=/*FidlStructElementHeader*/{.element_type=kFidlStructElementType_Field, .is_resource=kFidlIsResource_Resource},.offset_v1=40u, .offset_v2=40u, .field_type=(fidl_type_t*)(&Handleinterrupt2147483648nonnullableTable)}},
    /*FidlStructPadding*/{.field=/*FidlStructField*/{.header=/*FidlStructElementHeader*/{.element_type=kFidlStructElementType_Field, .is_resource=kFidlIsResource_Resource},.offset_v1=44u, .offset_v2=44u, .field_type=(fidl_type_t*)(&Handleiommu2147483648nonnullableTable)}},
    /*FidlStructPadding*/{.field=/*FidlStructField*/{.header=/*FidlStructElementHeader*/{.element_type=kFidlStructElementType_Field, .is_resource=kFidlIsResource_Resource},.offset_v1=48u, .offset_v2=48u, .field_type=(fidl_type_t*)(&Handlejob2147483648nonnullableTable)}},
    /*FidlStructPadding*/{.field=/*FidlStructField*/{.header=/*FidlStructElementHeader*/{.element_type=kFidlStructElementType_Field, .is_resource=kFidlIsResource_Resource},.offset_v1=52u, .offset_v2=52u, .field_type=(fidl_type_t*)(&Handlepager2147483648nonnullableTable)}},
    /*FidlStructPadding*/{.field=/*FidlStructField*/{.header=/*FidlStructElementHeader*/{.element_type=kFidlStructElementType_Field, .is_resource=kFidlIsResource_Resource},.offset_v1=56u, .offset_v2=56u, .field_type=(fidl_type_t*)(&Handlepmt2147483648nonnullableTable)}},
    /*FidlStructPadding*/{.field=/*FidlStructField*/{.header=/*FidlStructElementHeader*/{.element_type=kFidlStructElementType_Field, .is_resource=kFidlIsResource_Resource},.offset_v1=60u, .offset_v2=60u, .field_type=(fidl_type_t*)(&Handleport2147483648nonnullableTable)}},
    /*FidlStructPadding*/{.field=/*FidlStructField*/{.header=/*FidlStructElementHeader*/{.element_type=kFidlStructElementType_Field, .is_resource=kFidlIsResource_Resource},.offset_v1=64u, .offset_v2=64u, .field_type=(fidl_type_t*)(&Handleprocess2147483648nonnullableTable)}},
    /*FidlStructPadding*/{.field=/*FidlStructField*/{.header=/*FidlStructElementHeader*/{.element_type=kFidlStructElementType_Field, .is_resource=kFidlIsResource_Resource},.offset_v1=68u, .offset_v2=68u, .field_type=(fidl_type_t*)(&Handleprofile2147483648nonnullableTable)}},
    /*FidlStructPadding*/{.field=/*FidlStructField*/{.header=/*FidlStructElementHeader*/{.element_type=kFidlStructElementType_Field, .is_resource=kFidlIsResource_Resource},.offset_v1=72u, .offset_v2=72u, .field_type=(fidl_type_t*)(&Handleresource2147483648nonnullableTable)}},
    /*FidlStructPadding*/{.field=/*FidlStructField*/{.header=/*FidlStructElementHeader*/{.element_type=kFidlStructElementType_Field, .is_resource=kFidlIsResource_Resource},.offset_v1=76u, .offset_v2=76u, .field_type=(fidl_type_t*)(&Handlesocket2147483648nonnullableTable)}},
    /*FidlStructPadding*/{.field=/*FidlStructField*/{.header=/*FidlStructElementHeader*/{.element_type=kFidlStructElementType_Field, .is_resource=kFidlIsResource_Resource},.offset_v1=80u, .offset_v2=80u, .field_type=(fidl_type_t*)(&Handlesuspendtoken2147483648nonnullableTable)}},
    /*FidlStructPadding*/{.field=/*FidlStructField*/{.header=/*FidlStructElementHeader*/{.element_type=kFidlStructElementType_Field, .is_resource=kFidlIsResource_Resource},.offset_v1=84u, .offset_v2=84u, .field_type=(fidl_type_t*)(&Handlethread2147483648nonnullableTable)}},
    /*FidlStructPadding*/{.field=/*FidlStructField*/{.header=/*FidlStructElementHeader*/{.element_type=kFidlStructElementType_Field, .is_resource=kFidlIsResource_Resource},.offset_v1=88u, .offset_v2=88u, .field_type=(fidl_type_t*)(&Handletimer2147483648nonnullableTable)}},
    /*FidlStructPadding*/{.field=/*FidlStructField*/{.header=/*FidlStructElementHeader*/{.element_type=kFidlStructElementType_Field, .is_resource=kFidlIsResource_Resource},.offset_v1=92u, .offset_v2=92u, .field_type=(fidl_type_t*)(&Handlevcpu2147483648nonnullableTable)}},
    /*FidlStructPadding*/{.field=/*FidlStructField*/{.header=/*FidlStructElementHeader*/{.element_type=kFidlStructElementType_Field, .is_resource=kFidlIsResource_Resource},.offset_v1=96u, .offset_v2=96u, .field_type=(fidl_type_t*)(&Handlevmar2147483648nonnullableTable)}},
    /*FidlStructPadding*/{.field=/*FidlStructField*/{.header=/*FidlStructElementHeader*/{.element_type=kFidlStructElementType_Field, .is_resource=kFidlIsResource_Resource},.offset_v1=100u, .offset_v2=100u, .field_type=(fidl_type_t*)(&Handlevmo2147483648nonnullableTable)}},
    /*FidlStructPadding*/{.field=/*FidlStructField*/{.header=/*FidlStructElementHeader*/{.element_type=kFidlStructElementType_Field, .is_resource=kFidlIsResource_Resource},.offset_v1=104u, .offset_v2=104u, .field_type=(fidl_type_t*)(&Handlevmo5nonnullableTable)}},
    /*FidlStructPadding*/{.field=/*FidlStructField*/{.header=/*FidlStructElementHeader*/{.element_type=kFidlStructElementType_Field, .is_resource=kFidlIsResource_Resource},.offset_v1=108u, .offset_v2=108u, .field_type=(fidl_type_t*)(&Handlehandle2147483648nonnullableTable)}},
    /*FidlStructPadding*/{.field=/*FidlStructField*/{.header=/*FidlStructElementHeader*/{.element_type=kFidlStructElementType_Field, .is_resource=kFidlIsResource_Resource},.offset_v1=112u, .offset_v2=112u, .field_type=(fidl_type_t*)(&Handlevmo2147483648nonnullableTable)}},
    /*FidlStructPadding*/{.field=/*FidlStructField*/{.header=/*FidlStructElementHeader*/{.element_type=kFidlStructElementType_Field, .is_resource=kFidlIsResource_Resource},.offset_v1=116u, .offset_v2=116u, .field_type=(fidl_type_t*)(&Handlevmo1nonnullableTable)}},
    /*FidlStructPadding*/{.field=/*FidlStructField*/{.header=/*FidlStructElementHeader*/{.element_type=kFidlStructElementType_Field, .is_resource=kFidlIsResource_Resource},.offset_v1=120u, .offset_v2=120u, .field_type=(fidl_type_t*)(&Protocol25test_handles_SomeProtocolnonnullableTable)}},
    /*FidlStructPadding*/{.field=/*FidlStructField*/{.header=/*FidlStructElementHeader*/{.element_type=kFidlStructElementType_Field, .is_resource=kFidlIsResource_Resource},.offset_v1=124u, .offset_v2=124u, .field_type=(fidl_type_t*)(&Request25test_handles_SomeProtocolnonnullableTable)}}
};
const struct FidlCodedStruct test_handles_HandlesTable = {.tag=kFidlTypeStruct, .contains_envelope=kFidlContainsEnvelope_DoesNotContainEnvelope, .is_empty=kFidlEmpty_IsNotEmpty, .elements=Fields20test_handles_Handles, .element_count=32u, .size_v1=128u, .size_v2=128u, .name="test.handles/Handles"};

