// WARNING: This file is machine generated by fidlc.

#include <lib/fidl/internal.h>


__LOCAL extern const struct FidlCodedStruct test_inheritance_SuperFooTopResponseTable;
__LOCAL extern const struct FidlCodedStruct test_inheritance_SuperFooRequestTable;
__LOCAL extern const struct FidlCodedStruct test_inheritance_superfooRequestMessageTable;
__LOCAL extern const struct FidlCodedStruct test_inheritance_superfooResponseMessageTable;
__LOCAL extern const struct FidlCodedStruct test_inheritance_subfooRequestMessageTable;
__LOCAL extern const struct FidlCodedStruct test_inheritance_subfooResponseMessageTable;


static const struct FidlCodedString String4294967295nonnullableTable = {.tag=kFidlTypeString, .max_size=4294967295u, .nullable=kFidlNullability_Nonnullable};


const struct FidlCodedStruct test_inheritance_SuperFooTopResponseTable = {.tag=kFidlTypeStruct, .contains_envelope=kFidlContainsEnvelope_DoesNotContainEnvelope, .is_empty=kFidlEmpty_IsNotEmpty, .elements=NULL, .element_count=0u, .size_v1=8u, .size_v2=8u, .name="test.inheritance/SuperFooTopResponse"};

static const struct FidlStructElement Fields32test_inheritance_SuperFooRequest[] = {
    /*FidlStructPadding*/{.field=/*FidlStructField*/{.header=/*FidlStructElementHeader*/{.element_type=kFidlStructElementType_Field, .is_resource=kFidlIsResource_NotResource},.offset_v1=0u, .offset_v2=0u, .field_type=(fidl_type_t*)(&String4294967295nonnullableTable)}}
};
const struct FidlCodedStruct test_inheritance_SuperFooRequestTable = {.tag=kFidlTypeStruct, .contains_envelope=kFidlContainsEnvelope_DoesNotContainEnvelope, .is_empty=kFidlEmpty_IsNotEmpty, .elements=Fields32test_inheritance_SuperFooRequest, .element_count=1u, .size_v1=16u, .size_v2=16u, .name="test.inheritance/SuperFooRequest"};

static const struct FidlStructElement Fields39test_inheritance_superfooRequestMessage[] = {
    /*FidlStructPadding*/{.field=/*FidlStructField*/{.header=/*FidlStructElementHeader*/{.element_type=kFidlStructElementType_Field, .is_resource=kFidlIsResource_NotResource},.offset_v1=0u, .offset_v2=0u, .field_type=(fidl_type_t*)(&String4294967295nonnullableTable)}}
};
const struct FidlCodedStruct test_inheritance_superfooRequestMessageTable = {.tag=kFidlTypeStruct, .contains_envelope=kFidlContainsEnvelope_DoesNotContainEnvelope, .is_empty=kFidlEmpty_IsNotEmpty, .elements=Fields39test_inheritance_superfooRequestMessage, .element_count=1u, .size_v1=16u, .size_v2=16u, .name="test.inheritance/superfooRequestMessage"};

const struct FidlCodedStruct test_inheritance_superfooResponseMessageTable = {.tag=kFidlTypeStruct, .contains_envelope=kFidlContainsEnvelope_DoesNotContainEnvelope, .is_empty=kFidlEmpty_IsNotEmpty, .elements=NULL, .element_count=0u, .size_v1=8u, .size_v2=8u, .name="test.inheritance/superfooResponseMessage"};

static const struct FidlStructElement Fields37test_inheritance_subfooRequestMessage[] = {
    /*FidlStructPadding*/{.field=/*FidlStructField*/{.header=/*FidlStructElementHeader*/{.element_type=kFidlStructElementType_Field, .is_resource=kFidlIsResource_NotResource},.offset_v1=0u, .offset_v2=0u, .field_type=(fidl_type_t*)(&String4294967295nonnullableTable)}}
};
const struct FidlCodedStruct test_inheritance_subfooRequestMessageTable = {.tag=kFidlTypeStruct, .contains_envelope=kFidlContainsEnvelope_DoesNotContainEnvelope, .is_empty=kFidlEmpty_IsNotEmpty, .elements=Fields37test_inheritance_subfooRequestMessage, .element_count=1u, .size_v1=16u, .size_v2=16u, .name="test.inheritance/subfooRequestMessage"};

const struct FidlCodedStruct test_inheritance_subfooResponseMessageTable = {.tag=kFidlTypeStruct, .contains_envelope=kFidlContainsEnvelope_DoesNotContainEnvelope, .is_empty=kFidlEmpty_IsNotEmpty, .elements=NULL, .element_count=0u, .size_v1=8u, .size_v2=8u, .name="test.inheritance/subfooResponseMessage"};

