// WARNING: This file is machine generated by fidlgen_llcpp.

#pragma once

#include <fidl/test.anonymous/cpp/markers.h>
#include <fidl/test.anonymous/cpp/natural_types.h>
#include <lib/fidl/cpp/channel.h>
#include <lib/fidl/cpp/client.h>
#include <lib/fidl/cpp/internal/message_extensions.h>
#include <lib/fidl/cpp/internal/natural_client_messenger.h>
#include <lib/fidl/cpp/internal/natural_server_messenger.h>
#include <lib/fidl/cpp/natural_types.h>
#include <lib/fidl/cpp/unified_messaging.h>

namespace fidl {}  // namespace fidl
namespace test_anonymous {
__LOCAL extern "C" const fidl_type_t
    test_anonymous_SomeProtocolSomeMethodRequestTable;
__LOCAL extern "C" const fidl_type_t
    test_anonymous_SomeProtocolSomeMethodTopResponseTable;

#ifdef __Fuchsia__
}  // namespace test_anonymous

template <>
class ::fidl::Response<::test_anonymous::SomeProtocol::SomeMethod> final
    : public ::fidl::internal::MessageBase<
          ::fidl::Response<::test_anonymous::SomeProtocol::SomeMethod>> {
 public:
  Response() = default;
  ~Response() = default;
  Response(Response&&) noexcept = default;
  Response& operator=(Response&&) noexcept = default;
  Response(::test_anonymous::SomeProtocolSomeMethodTopResponse payload)
      : payload_(std::move(payload)) {}
  ::test_anonymous::SomeProtocolSomeMethodTopResponse* operator->() {
    return &payload_;
  }
  const ::test_anonymous::SomeProtocolSomeMethodTopResponse* operator->()
      const {
    return &payload_;
  }
  ::test_anonymous::SomeProtocolSomeMethodTopResponse& operator*() {
    return payload_;
  }
  const ::test_anonymous::SomeProtocolSomeMethodTopResponse& operator*() const {
    return payload_;
  }

 private:
  ::test_anonymous::SomeProtocolSomeMethodTopResponse payload_;
};

template <>
struct ::fidl::internal::MessageTraits<
    ::fidl::Response<::test_anonymous::SomeProtocol::SomeMethod>>
    final {
 public:
  static constexpr bool kHasPayload = true;
  using Payload = ::test_anonymous::SomeProtocolSomeMethodTopResponse;
};
namespace test_anonymous {}  // namespace test_anonymous
template <>
class ::fidl::internal::ClientCallbackTraits<
    ::test_anonymous::SomeProtocol::SomeMethod>
    final {
 public:
  ClientCallbackTraits() = delete;
  using ResultCallback = ::fit::callback<void(
      ::fitx::result<
          ::fidl::Error,
          ::fidl::Response<::test_anonymous::SomeProtocol::SomeMethod>>&)>;
  using ResponseCallback = ::fit::callback<void(
      ::fidl::Response<::test_anonymous::SomeProtocol::SomeMethod>&)>;
};

template <>
class ::fidl::internal::NaturalClientImpl<::test_anonymous::SomeProtocol> final
    : public ::fidl::internal::NaturalClientBase {
 public:
  using NaturalClientBase::NaturalClientBase;
  void SomeMethod(
      ::test_anonymous::SomeProtocolSomeMethodRequest&& payload,
      ::fidl::ClientCallback<::test_anonymous::SomeProtocol::SomeMethod>&&
          _callback) const;

  void SomeMethod(
      ::test_anonymous::SomeProtocolSomeMethodRequest&& payload,
      ::fidl::ClientResponseCallback<
          ::test_anonymous::SomeProtocol::SomeMethod>&& _callback) const;
};
namespace test_anonymous {
#endif  // __Fuchsia__

}  // namespace test_anonymous
#ifdef __Fuchsia__

template <>
class ::fidl::internal::NaturalEventHandlerInterface<
    ::test_anonymous::SomeProtocol> {
 public:
  NaturalEventHandlerInterface() = default;
  virtual ~NaturalEventHandlerInterface() = default;
};

template <>
class ::fidl::AsyncEventHandler<::test_anonymous::SomeProtocol>
    : public ::fidl::internal::NaturalEventHandlerInterface<
          ::test_anonymous::SomeProtocol>,
      public ::fidl::internal::AsyncEventHandler {
 public:
  AsyncEventHandler() = default;
};

template <>
class ::fidl::internal::NaturalEventDispatcher<::test_anonymous::SomeProtocol>
    final : public ::fidl::internal::IncomingEventDispatcher<
                ::fidl::AsyncEventHandler<::test_anonymous::SomeProtocol>> {
 public:
  explicit NaturalEventDispatcher(
      ::fidl::AsyncEventHandler<::test_anonymous::SomeProtocol>* event_handler)
      : IncomingEventDispatcher(event_handler) {}

 private:
  std::optional<::fidl::UnbindInfo> DispatchEvent(
      ::fidl::IncomingMessage& msg,
      internal::IncomingTransportContext transport_context) override;
};
#endif  // __Fuchsia__

#ifdef __Fuchsia__
template <>
class ::fidl::internal::NaturalWeakEventSender<::test_anonymous::SomeProtocol>
    : public ::fidl::internal::WeakEventSenderBase {
 public:
  using WeakEventSenderBase::WeakEventSenderBase;
};

template <>
class ::fidl::internal::NaturalEventSender<::test_anonymous::SomeProtocol>
    : public ::fidl::internal::SyncEndpointManagedVeneer<
          ::fidl::internal::NaturalEventSender<
              ::test_anonymous::SomeProtocol>> {
 public:
  using SyncEndpointManagedVeneer::SyncEndpointManagedVeneer;
};
#endif  // __Fuchsia__

#ifdef __Fuchsia__

template <>
class ::fidl::Request<::test_anonymous::SomeProtocol::SomeMethod> final
    : public ::fidl::internal::MessageBase<
          ::fidl::Request<::test_anonymous::SomeProtocol::SomeMethod>> {
 public:
  Request() = default;
  ~Request() = default;
  Request(Request&&) noexcept = default;
  Request& operator=(Request&&) noexcept = default;
  Request(::test_anonymous::SomeProtocolSomeMethodRequest payload)
      : payload_(std::move(payload)) {}
  ::test_anonymous::SomeProtocolSomeMethodRequest* operator->() {
    return &payload_;
  }
  const ::test_anonymous::SomeProtocolSomeMethodRequest* operator->() const {
    return &payload_;
  }
  ::test_anonymous::SomeProtocolSomeMethodRequest& operator*() {
    return payload_;
  }
  const ::test_anonymous::SomeProtocolSomeMethodRequest& operator*() const {
    return payload_;
  }

 private:
  ::test_anonymous::SomeProtocolSomeMethodRequest payload_;
};

template <>
struct ::fidl::internal::MessageTraits<
    ::fidl::Request<::test_anonymous::SomeProtocol::SomeMethod>>
    final {
 public:
  static constexpr bool kHasPayload = true;
  using Payload = ::test_anonymous::SomeProtocolSomeMethodRequest;
};
#endif  // __Fuchsia__

template <>
class ::fidl::internal::NaturalCompleterBase<
    ::test_anonymous::SomeProtocol::SomeMethod> : public ::fidl::CompleterBase {
 public:
  void Reply(::test_anonymous::SomeProtocolSomeMethodTopResponse&& payload);

 protected:
  using ::fidl::CompleterBase::CompleterBase;
};

template <>
struct ::fidl::internal::MethodTypes<
    ::test_anonymous::SomeProtocol::SomeMethod> {
  using Completer = fidl::Completer<::fidl::internal::NaturalCompleterBase<
      ::test_anonymous::SomeProtocol::SomeMethod>>;
};

template <>
class ::fidl::Server<::test_anonymous::SomeProtocol>
    : public ::fidl::internal::IncomingMessageDispatcher {
 public:
  Server() = default;
  virtual ~Server() = default;

  // The FIDL protocol type that is implemented by this server.
  using _EnclosingProtocol = ::test_anonymous::SomeProtocol;

  using SomeMethodRequest =
      ::fidl::Request<::test_anonymous::SomeProtocol::SomeMethod>;
  using SomeMethodCompleter = ::fidl::internal::NaturalCompleter<
      ::test_anonymous::SomeProtocol::SomeMethod>;

  virtual void SomeMethod(SomeMethodRequest& request,
                          SomeMethodCompleter::Sync& completer) = 0;

 private:
  void dispatch_message(
      ::fidl::IncomingMessage&& msg, ::fidl::Transaction* txn,
      ::fidl::internal::IncomingTransportContext transport_context) final;
};

#ifdef __Fuchsia__

template <>
struct ::fidl::internal::NaturalServerDispatcher<::test_anonymous::SomeProtocol>
    final {
  NaturalServerDispatcher() = delete;
  static void Dispatch(::fidl::Server<::test_anonymous::SomeProtocol>* impl,
                       ::fidl::IncomingMessage&& msg,
                       internal::IncomingTransportContext transport_context,
                       ::fidl::Transaction* txn);

 private:
  static const ::fidl::internal::MethodEntry entries_[];
  static const ::fidl::internal::MethodEntry* entries_end_;
};
#endif  // __Fuchsia__
