// WARNING: This file is machine generated by fidlgen_llcpp.

#include <fidl/test.arrays/cpp/natural_messaging.h>
