// WARNING: This file is machine generated by fidlgen_llcpp.

#include <fidl/test.driveroneway/cpp/natural_messaging.h>
