// WARNING: This file is machine generated by fidlgen.

#pragma once

#include <fidl/test.emptystruct/cpp/wire.h>
namespace fidl {
namespace testing {

template <>
class WireTestBase<::test_emptystruct::EmptyProtocol>
    : public ::fidl::WireServer<::test_emptystruct::EmptyProtocol> {
 public:
  virtual ~WireTestBase<::test_emptystruct::EmptyProtocol>() {}
  virtual void NotImplemented_(const std::string& name,
                               ::fidl::CompleterBase& completer) = 0;
  virtual void Send(SendRequestView request,
                    SendCompleter::Sync& _completer) override {
    NotImplemented_("Send", _completer);
  }
  virtual void SendAndReceive(
      SendAndReceiveRequestView request,
      SendAndReceiveCompleter::Sync& _completer) override {
    NotImplemented_("SendAndReceive", _completer);
  }
};
}  // namespace testing
}  // namespace fidl
