// WARNING: This file is machine generated by fidlgen.

#pragma once

#include <fidl/test.errorsyntax.parent/cpp/common_types.h>
#include <lib/fidl/llcpp/traits.h>
#include <lib/stdcompat/optional.h>

#include <cinttypes>

namespace fidl {}  // namespace fidl
