// WARNING: This file is machine generated by fidlgen_llcpp.

#pragma once

#include <fidl/test.errorsyntax.parent/cpp/natural_messaging.h>
#include <fidl/test.errorsyntax/cpp/markers.h>
#include <fidl/test.errorsyntax/cpp/natural_types.h>
#include <lib/fidl/cpp/channel.h>
#include <lib/fidl/cpp/client.h>
#include <lib/fidl/cpp/internal/message_extensions.h>
#include <lib/fidl/cpp/internal/natural_client_messenger.h>
#include <lib/fidl/cpp/internal/natural_server_messenger.h>
#include <lib/fidl/cpp/natural_types.h>
#include <lib/fidl/cpp/unified_messaging.h>

namespace fidl {}  // namespace fidl
namespace test_errorsyntax {
__LOCAL extern "C" const fidl_type_t
    test_errorsyntax_parent_ParentUsesErrorSyntaxComposedCallWhichMayFailRequestTable;
__LOCAL extern "C" const fidl_type_t
    test_errorsyntax_parent_ParentUsesErrorSyntaxComposedCallWhichMayFailTopResponseTable;
__LOCAL extern "C" const fidl_type_t
    test_errorsyntax_ExampleUseOfErrorSyntaxCallWhichMayFailRequestTable;
__LOCAL extern "C" const fidl_type_t
    test_errorsyntax_ExampleUseOfErrorSyntaxCallWhichMayFailTopResponseTable;

#ifdef __Fuchsia__
}  // namespace test_errorsyntax

template <>
class ::fidl::Response<
    ::test_errorsyntax::ExampleUseOfErrorSyntax::ComposedCallWhichMayFail>
    final : public ::fidl::internal::MessageBase<
                ::fidl::Response<::test_errorsyntax::ExampleUseOfErrorSyntax::
                                     ComposedCallWhichMayFail>> {
 public:
  Response() = default;
  ~Response() = default;
  Response(Response&&) noexcept = default;
  Response& operator=(Response&&) noexcept = default;
  Response(::test_errorsyntax_parent::
               ParentUsesErrorSyntaxComposedCallWhichMayFailTopResponse payload)
      : payload_(std::move(payload)) {}
  ::test_errorsyntax_parent::
      ParentUsesErrorSyntaxComposedCallWhichMayFailTopResponse*
      operator->() {
    return &payload_;
  }
  const ::test_errorsyntax_parent::
      ParentUsesErrorSyntaxComposedCallWhichMayFailTopResponse*
      operator->() const {
    return &payload_;
  }
  ::test_errorsyntax_parent::
      ParentUsesErrorSyntaxComposedCallWhichMayFailTopResponse&
      operator*() {
    return payload_;
  }
  const ::test_errorsyntax_parent::
      ParentUsesErrorSyntaxComposedCallWhichMayFailTopResponse&
      operator*() const {
    return payload_;
  }

 private:
  ::test_errorsyntax_parent::
      ParentUsesErrorSyntaxComposedCallWhichMayFailTopResponse payload_;
};

template <>
struct ::fidl::internal::MessageTraits<::fidl::Response<
    ::test_errorsyntax::ExampleUseOfErrorSyntax::ComposedCallWhichMayFail>>
    final {
 public:
  static constexpr bool kHasPayload = true;
  using Payload = ::test_errorsyntax_parent::
      ParentUsesErrorSyntaxComposedCallWhichMayFailTopResponse;
};
namespace test_errorsyntax {}  // namespace test_errorsyntax
template <>
class ::fidl::internal::ClientCallbackTraits<
    ::test_errorsyntax::ExampleUseOfErrorSyntax::ComposedCallWhichMayFail>
    final {
 public:
  ClientCallbackTraits() = delete;
  using ResultCallback = ::fit::callback<void(
      ::fitx::result<
          ::fidl::Error,
          ::fidl::Response<::test_errorsyntax::ExampleUseOfErrorSyntax::
                               ComposedCallWhichMayFail>>&)>;
  using ResponseCallback = ::fit::callback<void(
      ::fidl::Response<::test_errorsyntax::ExampleUseOfErrorSyntax::
                           ComposedCallWhichMayFail>&)>;
};

template <>
class ::fidl::Response<
    ::test_errorsyntax::ExampleUseOfErrorSyntax::CallWhichMayFail>
    final
    : public ::fidl::internal::MessageBase<::fidl::Response<
          ::test_errorsyntax::ExampleUseOfErrorSyntax::CallWhichMayFail>> {
 public:
  Response() = default;
  ~Response() = default;
  Response(Response&&) noexcept = default;
  Response& operator=(Response&&) noexcept = default;
  Response(
      ::test_errorsyntax::ExampleUseOfErrorSyntaxCallWhichMayFailTopResponse
          payload)
      : payload_(std::move(payload)) {}
  ::test_errorsyntax::ExampleUseOfErrorSyntaxCallWhichMayFailTopResponse*
  operator->() {
    return &payload_;
  }
  const ::test_errorsyntax::ExampleUseOfErrorSyntaxCallWhichMayFailTopResponse*
  operator->() const {
    return &payload_;
  }
  ::test_errorsyntax::ExampleUseOfErrorSyntaxCallWhichMayFailTopResponse&
  operator*() {
    return payload_;
  }
  const ::test_errorsyntax::ExampleUseOfErrorSyntaxCallWhichMayFailTopResponse&
  operator*() const {
    return payload_;
  }

 private:
  ::test_errorsyntax::ExampleUseOfErrorSyntaxCallWhichMayFailTopResponse
      payload_;
};

template <>
struct ::fidl::internal::MessageTraits<::fidl::Response<
    ::test_errorsyntax::ExampleUseOfErrorSyntax::CallWhichMayFail>>
    final {
 public:
  static constexpr bool kHasPayload = true;
  using Payload =
      ::test_errorsyntax::ExampleUseOfErrorSyntaxCallWhichMayFailTopResponse;
};
template <>
class ::fidl::internal::ClientCallbackTraits<
    ::test_errorsyntax::ExampleUseOfErrorSyntax::CallWhichMayFail>
    final {
 public:
  ClientCallbackTraits() = delete;
  using ResultCallback = ::fit::callback<void(
      ::fitx::result<
          ::fidl::Error,
          ::fidl::Response<::test_errorsyntax::ExampleUseOfErrorSyntax::
                               CallWhichMayFail>>&)>;
  using ResponseCallback = ::fit::callback<void(
      ::fidl::Response<
          ::test_errorsyntax::ExampleUseOfErrorSyntax::CallWhichMayFail>&)>;
};

template <>
class ::fidl::internal::NaturalClientImpl<
    ::test_errorsyntax::ExampleUseOfErrorSyntax>
    final : public ::fidl::internal::NaturalClientBase {
 public:
  using NaturalClientBase::NaturalClientBase;
  void ComposedCallWhichMayFail(
      ::test_errorsyntax_parent::
          ParentUsesErrorSyntaxComposedCallWhichMayFailRequest&& payload,
      ::fidl::ClientCallback<::test_errorsyntax::ExampleUseOfErrorSyntax::
                                 ComposedCallWhichMayFail>&& _callback) const;

  void ComposedCallWhichMayFail(
      ::test_errorsyntax_parent::
          ParentUsesErrorSyntaxComposedCallWhichMayFailRequest&& payload,
      ::fidl::ClientResponseCallback<
          ::test_errorsyntax::ExampleUseOfErrorSyntax::
              ComposedCallWhichMayFail>&& _callback) const;

  void CallWhichMayFail(
      ::test_errorsyntax::ExampleUseOfErrorSyntaxCallWhichMayFailRequest&&
          payload,
      ::fidl::ClientCallback<
          ::test_errorsyntax::ExampleUseOfErrorSyntax::CallWhichMayFail>&&
          _callback) const;

  void CallWhichMayFail(
      ::test_errorsyntax::ExampleUseOfErrorSyntaxCallWhichMayFailRequest&&
          payload,
      ::fidl::ClientResponseCallback<
          ::test_errorsyntax::ExampleUseOfErrorSyntax::CallWhichMayFail>&&
          _callback) const;
};
namespace test_errorsyntax {
#endif  // __Fuchsia__

}  // namespace test_errorsyntax
#ifdef __Fuchsia__

template <>
class ::fidl::internal::NaturalEventHandlerInterface<
    ::test_errorsyntax::ExampleUseOfErrorSyntax> {
 public:
  NaturalEventHandlerInterface() = default;
  virtual ~NaturalEventHandlerInterface() = default;
};

template <>
class ::fidl::AsyncEventHandler<::test_errorsyntax::ExampleUseOfErrorSyntax>
    : public ::fidl::internal::NaturalEventHandlerInterface<
          ::test_errorsyntax::ExampleUseOfErrorSyntax>,
      public ::fidl::internal::AsyncEventHandler {
 public:
  AsyncEventHandler() = default;
};

template <>
class ::fidl::internal::NaturalEventDispatcher<
    ::test_errorsyntax::ExampleUseOfErrorSyntax>
    final : public ::fidl::internal::IncomingEventDispatcher<
                ::fidl::AsyncEventHandler<
                    ::test_errorsyntax::ExampleUseOfErrorSyntax>> {
 public:
  explicit NaturalEventDispatcher(
      ::fidl::AsyncEventHandler<::test_errorsyntax::ExampleUseOfErrorSyntax>*
          event_handler)
      : IncomingEventDispatcher(event_handler) {}

 private:
  std::optional<::fidl::UnbindInfo> DispatchEvent(
      ::fidl::IncomingMessage& msg,
      internal::IncomingTransportContext transport_context) override;
};
#endif  // __Fuchsia__

#ifdef __Fuchsia__
template <>
class ::fidl::internal::NaturalWeakEventSender<
    ::test_errorsyntax::ExampleUseOfErrorSyntax>
    : public ::fidl::internal::WeakEventSenderBase {
 public:
  using WeakEventSenderBase::WeakEventSenderBase;
};

template <>
class ::fidl::internal::NaturalEventSender<
    ::test_errorsyntax::ExampleUseOfErrorSyntax>
    : public ::fidl::internal::SyncEndpointManagedVeneer<
          ::fidl::internal::NaturalEventSender<
              ::test_errorsyntax::ExampleUseOfErrorSyntax>> {
 public:
  using SyncEndpointManagedVeneer::SyncEndpointManagedVeneer;
};
#endif  // __Fuchsia__

#ifdef __Fuchsia__

template <>
class ::fidl::Request<
    ::test_errorsyntax::ExampleUseOfErrorSyntax::ComposedCallWhichMayFail>
    final : public ::fidl::internal::MessageBase<
                ::fidl::Request<::test_errorsyntax::ExampleUseOfErrorSyntax::
                                    ComposedCallWhichMayFail>> {
 public:
  Request() = default;
  ~Request() = default;
  Request(Request&&) noexcept = default;
  Request& operator=(Request&&) noexcept = default;
  Request(::test_errorsyntax_parent::
              ParentUsesErrorSyntaxComposedCallWhichMayFailRequest payload)
      : payload_(std::move(payload)) {}
  ::test_errorsyntax_parent::
      ParentUsesErrorSyntaxComposedCallWhichMayFailRequest*
      operator->() {
    return &payload_;
  }
  const ::test_errorsyntax_parent::
      ParentUsesErrorSyntaxComposedCallWhichMayFailRequest*
      operator->() const {
    return &payload_;
  }
  ::test_errorsyntax_parent::
      ParentUsesErrorSyntaxComposedCallWhichMayFailRequest&
      operator*() {
    return payload_;
  }
  const ::test_errorsyntax_parent::
      ParentUsesErrorSyntaxComposedCallWhichMayFailRequest&
      operator*() const {
    return payload_;
  }

 private:
  ::test_errorsyntax_parent::
      ParentUsesErrorSyntaxComposedCallWhichMayFailRequest payload_;
};

template <>
struct ::fidl::internal::MessageTraits<::fidl::Request<
    ::test_errorsyntax::ExampleUseOfErrorSyntax::ComposedCallWhichMayFail>>
    final {
 public:
  static constexpr bool kHasPayload = true;
  using Payload = ::test_errorsyntax_parent::
      ParentUsesErrorSyntaxComposedCallWhichMayFailRequest;
};
#endif  // __Fuchsia__

#ifdef __Fuchsia__

template <>
class ::fidl::Request<
    ::test_errorsyntax::ExampleUseOfErrorSyntax::CallWhichMayFail>
    final
    : public ::fidl::internal::MessageBase<::fidl::Request<
          ::test_errorsyntax::ExampleUseOfErrorSyntax::CallWhichMayFail>> {
 public:
  Request() = default;
  ~Request() = default;
  Request(Request&&) noexcept = default;
  Request& operator=(Request&&) noexcept = default;
  Request(::test_errorsyntax::ExampleUseOfErrorSyntaxCallWhichMayFailRequest
              payload)
      : payload_(std::move(payload)) {}
  ::test_errorsyntax::ExampleUseOfErrorSyntaxCallWhichMayFailRequest*
  operator->() {
    return &payload_;
  }
  const ::test_errorsyntax::ExampleUseOfErrorSyntaxCallWhichMayFailRequest*
  operator->() const {
    return &payload_;
  }
  ::test_errorsyntax::ExampleUseOfErrorSyntaxCallWhichMayFailRequest&
  operator*() {
    return payload_;
  }
  const ::test_errorsyntax::ExampleUseOfErrorSyntaxCallWhichMayFailRequest&
  operator*() const {
    return payload_;
  }

 private:
  ::test_errorsyntax::ExampleUseOfErrorSyntaxCallWhichMayFailRequest payload_;
};

template <>
struct ::fidl::internal::MessageTraits<::fidl::Request<
    ::test_errorsyntax::ExampleUseOfErrorSyntax::CallWhichMayFail>>
    final {
 public:
  static constexpr bool kHasPayload = true;
  using Payload =
      ::test_errorsyntax::ExampleUseOfErrorSyntaxCallWhichMayFailRequest;
};
#endif  // __Fuchsia__

template <>
class ::fidl::internal::NaturalCompleterBase<
    ::test_errorsyntax::ExampleUseOfErrorSyntax::ComposedCallWhichMayFail>
    : public ::fidl::CompleterBase {
 public:
  void Reply(
      ::test_errorsyntax_parent::
          ParentUsesErrorSyntaxComposedCallWhichMayFailTopResponse&& payload);

 protected:
  using ::fidl::CompleterBase::CompleterBase;
};

template <>
struct ::fidl::internal::MethodTypes<
    ::test_errorsyntax::ExampleUseOfErrorSyntax::ComposedCallWhichMayFail> {
  using Completer = fidl::Completer<::fidl::internal::NaturalCompleterBase<
      ::test_errorsyntax::ExampleUseOfErrorSyntax::ComposedCallWhichMayFail>>;
};

template <>
class ::fidl::internal::NaturalCompleterBase<
    ::test_errorsyntax::ExampleUseOfErrorSyntax::CallWhichMayFail>
    : public ::fidl::CompleterBase {
 public:
  void Reply(
      ::test_errorsyntax::ExampleUseOfErrorSyntaxCallWhichMayFailTopResponse&&
          payload);

 protected:
  using ::fidl::CompleterBase::CompleterBase;
};

template <>
struct ::fidl::internal::MethodTypes<
    ::test_errorsyntax::ExampleUseOfErrorSyntax::CallWhichMayFail> {
  using Completer = fidl::Completer<::fidl::internal::NaturalCompleterBase<
      ::test_errorsyntax::ExampleUseOfErrorSyntax::CallWhichMayFail>>;
};

template <>
class ::fidl::Server<::test_errorsyntax::ExampleUseOfErrorSyntax>
    : public ::fidl::internal::IncomingMessageDispatcher {
 public:
  Server() = default;
  virtual ~Server() = default;

  // The FIDL protocol type that is implemented by this server.
  using _EnclosingProtocol = ::test_errorsyntax::ExampleUseOfErrorSyntax;

  using ComposedCallWhichMayFailRequest = ::fidl::Request<
      ::test_errorsyntax::ExampleUseOfErrorSyntax::ComposedCallWhichMayFail>;
  using ComposedCallWhichMayFailCompleter = ::fidl::internal::NaturalCompleter<
      ::test_errorsyntax::ExampleUseOfErrorSyntax::ComposedCallWhichMayFail>;

  virtual void ComposedCallWhichMayFail(
      ComposedCallWhichMayFailRequest& request,
      ComposedCallWhichMayFailCompleter::Sync& completer) = 0;

  using CallWhichMayFailRequest = ::fidl::Request<
      ::test_errorsyntax::ExampleUseOfErrorSyntax::CallWhichMayFail>;
  using CallWhichMayFailCompleter = ::fidl::internal::NaturalCompleter<
      ::test_errorsyntax::ExampleUseOfErrorSyntax::CallWhichMayFail>;

  virtual void CallWhichMayFail(CallWhichMayFailRequest& request,
                                CallWhichMayFailCompleter::Sync& completer) = 0;

 private:
  void dispatch_message(
      ::fidl::IncomingMessage&& msg, ::fidl::Transaction* txn,
      ::fidl::internal::IncomingTransportContext transport_context) final;
};

#ifdef __Fuchsia__

template <>
struct ::fidl::internal::NaturalServerDispatcher<
    ::test_errorsyntax::ExampleUseOfErrorSyntax>
    final {
  NaturalServerDispatcher() = delete;
  static void Dispatch(
      ::fidl::Server<::test_errorsyntax::ExampleUseOfErrorSyntax>* impl,
      ::fidl::IncomingMessage&& msg,
      internal::IncomingTransportContext transport_context,
      ::fidl::Transaction* txn);

 private:
  static const ::fidl::internal::MethodEntry entries_[];
  static const ::fidl::internal::MethodEntry* entries_end_;
};
#endif  // __Fuchsia__
