// WARNING: This file is machine generated by fidlgen.

#include <fidl/test.escaping/cpp/natural_types.h>

#ifdef __Fuchsia__

#endif  // __Fuchsia__

::test_escaping::DocCommentWithQuotes::Storage_
test_escaping::DocCommentWithQuotes::CloneStorage_() const {
  return Storage_{::fidl::internal::NaturalClone(storage_.__reserved)};
}
