// WARNING: This file is machine generated by fidlgen.

#pragma once

#include <fidl/test.escaping/cpp/driver/wire_messaging.h>
#include <fidl/test.escaping/cpp/markers.h>
#include <fidl/test.escaping/cpp/wire_types.h>
