// WARNING: This file is machine generated by fidlgen.

#pragma once

#include <fidl/test.dependent/cpp/wire.h>
#include <fidl/test.importedconstvalues/cpp/markers.h>
#include <fidl/test.importedconstvalues/cpp/wire_messaging.h>
#include <fidl/test.importedconstvalues/cpp/wire_types.h>
