// WARNING: This file is machine generated by fidlgen.

#pragma once

#include <fidl/test.inheritancewithrecursivedecl/cpp/natural_messaging.h>
#include <fidl/test.inheritancewithrecursivedecl/cpp/natural_types.h>
#include <fidl/test.inheritancewithrecursivedecl/cpp/wire.h>
