// WARNING: This file is machine generated by fidlgen.

#include <fidl/test.protocolrequest/cpp/driver/wire_messaging.h>

#include <memory>
