// WARNING: This file is machine generated by fidlgen.

#include <fidl/test.structdefaultvalueenumlibraryreference/cpp/wire_messaging.h>

#include <memory>
