// WARNING: This file is machine generated by fidlgen.

#pragma once

#include <fidl/test.transitivedependenciescompose/cpp/wire.h>
namespace fidl {
namespace testing {

template <>
class WireTestBase<::test_transitivedependenciescompose::Top>
    : public ::fidl::WireServer<::test_transitivedependenciescompose::Top> {
 public:
  virtual ~WireTestBase<::test_transitivedependenciescompose::Top>() {}
  virtual void NotImplemented_(const std::string& name,
                               ::fidl::CompleterBase& completer) = 0;
  virtual void GetFoo(GetFooRequestView request,
                      GetFooCompleter::Sync& _completer) override {
    NotImplemented_("GetFoo", _completer);
  }
};
}  // namespace testing
}  // namespace fidl
