// WARNING: This file is machine generated by fidlgen.

#pragma once

#include <fidl/test.vectors/cpp/markers.h>
#include <fidl/test.vectors/cpp/wire_messaging.h>
#include <fidl/test.vectors/cpp/wire_types.h>
