// WARNING: This file is machine generated by fidlgen_llcpp.

#include <fidl/test.vectors/cpp/natural_messaging.h>
