// Code generated by fidlgen; DO NOT EDIT.

package structdefaultvalueenumlibraryreference

import (
	testdependent "fidl/test/dependent"
	_bindings "syscall/zx/fidl"
)

type Foo struct {
	_     struct{}             `fidl:"s" fidl_size_v1:"4" fidl_alignment_v1:"4" fidl_size_v2:"4" fidl_alignment_v2:"4"`
	Field testdependent.MyEnum `fidl_offset_v1:"0" fidl_offset_v2:"0"`
}

var _mFoo = _bindings.CreateLazyMarshaler(Foo{})

func (msg *Foo) Marshaler() _bindings.Marshaler {
	return _mFoo
}
